(Program
    (Definition
        (VarName x)
        (Type int)
        (MethodCall
            (ClassName bar)
            (FuncName foo)
            (Args)
        )
    )
    (Definition
        (VarName x)
        (Type int)
        (MethodCall
            (ClassName bar)
            (FuncName foo)
            (Args
                (Integer 1)
            )
        )
    )
    (Definition
        (VarName x)
        (Type int)
        (MethodCall
            (ClassName bar)
            (FuncName foo)
            (Args
                (Integer 1)
                (Integer -4)
            )
        )
    )
    (Definition
        (VarName x)
        (Type int)
        (MethodCall
            (ClassName bar)
            (FuncName foo)
            (Args
                (FunctionCall
                    (Name test)
                    (Args)
                )
            )
        )
    )
    (Definition
        (VarName x)
        (Type int)
        (MethodCall
            (ClassName bar)
            (FuncName foo)
            (Args
                (MethodCall
                    (ClassName bar)
                    (FuncName egg)
                    (Args)
                )
            )
        )
    )
    (Class
        (Name Test)
        (ClassConstructor
            (Name Test)
            (Arguments)
            (Body
                (Assignment
                    (Name m_x)
                    (Integer 10)
                )
            )
        )
        (Body
            (Function
                (Name hiThere)
                (Arguments
                    (Declaration
                        (Name x)
                        (Type int)
                    )
                )
                (Type int)
                (Body
                    (Ret
                        (OperationsList
                            (VarUse x)
                            (Operator *)
                            (Integer 2)
                        )
                    )
                )
            )
        )
    )
    (Definition
        (VarName lol)
        (Type Test)
        (ClassInstanciation
            (Name Test)
            (Args)
        )
    )
)