(Program
    (Declaration (VarName x) (Type int))
    (Declaration (VarName x) (Type int))
    (Declaration (VarName x) (Type int))
    (Declaration (VarName x) (Type int))
    (Definition (VarName x) (Type int) (Integer 1))
    (Definition (VarName x) (Type int) (Integer 1))
    (Definition (VarName x) (Type int) (Integer 1))
    (Definition (VarName x) (Type int) (Integer 1))
    (Definition (VarName x) (Type int) (Integer 1))
    (Definition (VarName x) (Type int) (Integer 1))
    (Definition (VarName x) (Type int) (Integer 1))
    (Definition (VarName x) (Type int) (Integer 1))
    (ConstDef (VarName x) (Type int) (Integer 1))
)